src/components/index.ts(2,35): error TS2307: Cannot find module './common/Navbar' or its corresponding type declarations.
src/components/index.ts(3,35): error TS2307: Cannot find module './common/Footer' or its corresponding type declarations.
src/components/index.ts(4,40): error TS2307: Cannot find module './common/WhatsAppFAB' or its corresponding type declarations.
src/components/index.ts(5,41): error TS2307: Cannot find module './common/CustomCursor' or its corresponding type declarations.
src/components/index.ts(6,44): error TS2307: Cannot find module './common/LottieAnimation' or its corresponding type declarations.
src/components/sections/AboutSection.tsx(4,29): error TS2307: Cannot find module '../common/LottieAnimation' or its corresponding type declarations.
src/components/sections/CTASection.tsx(2,27): error TS2307: Cannot find module './HomeCTAButton' or its corresponding type declarations.
src/components/sections/HeroSection.tsx(2,27): error TS2307: Cannot find module './HomeCTAButton' or its corresponding type declarations.
src/components/sections/ServicesSection.tsx(4,29): error TS2307: Cannot find module '../common/LottieAnimation' or its corresponding type declarations.
src/pages/ContactPage.tsx(15,24): error TS2307: Cannot find module '../components/common/SEO' or its corresponding type declarations.
src/pages/ContactPage.tsx(17,29): error TS2307: Cannot find module '../components/common/LottieAnimation' or its corresponding type declarations.
src/pages/FreeAuditPage.tsx(18,24): error TS2307: Cannot find module '../components/common/SEO' or its corresponding type declarations.
